[1/218] miscp ... 1 cards, 0 with art
[2/218] base1 ... 102 cards, 102 with art
[3/218] base2 ... 64 cards, 64 with art
[4/218] basep ... 53 cards, 53 with art
[5/218] wp ... 0 cards, 0 with art
[6/218] base3 ... 62 cards, 62 with art
[7/218] jumbo ... 0 cards, 0 with art
[8/218] base4 ... 130 cards, 130 with art
[9/218] base5 ... 83 cards, 83 with art
[10/218] gym1 ... 132 cards, 132 with art
[11/218] gym2 ... 132 cards, 132 with art
[12/218] neo1 ... 111 cards, 111 with art
[13/218] neo2 ... 75 cards, 75 with art
[14/218] si1 ... 18 cards, 18 with art
[15/218] neo3 ... 66 cards, 66 with art
[16/218] neo4 ... 113 cards, 113 with art
[17/218] lc ... 110 cards, 110 with art
[18/218] sp ... 0 cards, 0 with art
[19/218] ecard1 ... 165 cards, 165 with art
[20/218] bog ... 9 cards, 0 with art
[21/218] ecard2 ... 186 cards, 146 with art
[22/218] ecard3 ... 182 cards, 150 with art
[23/218] ex1 ... 109 cards, 109 with art
[24/218] ex2 ... 100 cards, 100 with art
[25/218] np ... 40 cards, 40 with art
[26/218] ex3 ... 100 cards, 100 with art
[27/218] ex4 ... 97 cards, 97 with art
[28/218] ex5 ... 102 cards, 102 with art
[29/218] tk-ex-latia ... 10 cards, 0 with art
[30/218] tk-ex-latio ... 10 cards, 0 with art
[31/218] ex5.5 ... 5 cards, 0 with art
[32/218] ex6 ... 116 cards, 116 with art
[33/218] pop1 ... 17 cards, 17 with art
[34/218] ex7 ... 111 cards, 111 with art
[35/218] ex8 ... 108 cards, 108 with art
[36/218] ex9 ... 107 cards, 107 with art
[37/218] pop2 ... 17 cards, 17 with art
[38/218] ex10 ... 117 cards, 117 with art
[39/218] exu ...   !! exu: 1 cards did not answer, over either transport: ['exu-%3F']
27 cards, 0 with art
[40/218] ex11 ... 114 cards, 114 with art
[41/218] ex12 ... 93 cards, 93 with art
[42/218] tk-ex-m ... 12 cards, 0 with art
[43/218] tk-ex-p ... 12 cards, 0 with art
[44/218] pop3 ... 17 cards, 17 with art
[45/218] ex13 ... 111 cards, 111 with art
[46/218] pop4 ... 17 cards, 17 with art
[47/218] ex14 ... 100 cards, 100 with art
[48/218] ex15 ... 101 cards, 101 with art
[49/218] ex16 ... 108 cards, 108 with art
[50/218] pop5 ... 17 cards, 17 with art
[51/218] dpp ... 56 cards, 56 with art
[52/218] dp1 ... 130 cards, 130 with art
[53/218] dp2 ... 124 cards, 124 with art
[54/218] tk-dp-l ... 11 cards, 0 with art
[55/218] tk-dp-m ... 12 cards, 0 with art
[56/218] pop6 ... 17 cards, 15 with art
[57/218] dp3 ... 132 cards, 132 with art
[58/218] dp4 ... 106 cards, 106 with art
[59/218] pop7 ... 17 cards, 17 with art
[60/218] dp5 ... 100 cards, 100 with art
[61/218] dp6 ... 146 cards, 146 with art
[62/218] pop8 ... 17 cards, 17 with art
[63/218] dp7 ... 106 cards, 106 with art
[64/218] pl1 ... 133 cards, 133 with art
[65/218] pop9 ... 17 cards, 17 with art
[66/218] pl2 ... 120 cards, 119 with art
[67/218] pl3 ... 153 cards, 153 with art
[68/218] pl4 ... 111 cards, 111 with art
[69/218] ru1 ... 16 cards, 16 with art
[70/218] hgss1 ... 124 cards, 124 with art
[71/218] hgssp ... 25 cards, 16 with art
[72/218] tk-hs-g ... 30 cards, 0 with art
[73/218] tk-hs-r ... 30 cards, 0 with art
[74/218] hgss2 ... 96 cards, 96 with art
[75/218] hgss3 ... 91 cards, 91 with art
[76/218] hgss4 ... 103 cards, 103 with art
[77/218] col1 ... 106 cards, 106 with art
[78/218] bw1 ... 115 cards, 115 with art
[79/218] bwp ... 101 cards, 98 with art
[80/218] 2011bw ... 12 cards, 0 with art
[81/218] bw2 ... 98 cards, 98 with art
[82/218] tk-bw-e ... 30 cards, 0 with art
[83/218] tk-bw-z ... 30 cards, 0 with art
[84/218] bw3 ... 102 cards, 102 with art
[85/218] bw4 ... 103 cards, 103 with art
[86/218] bw5 ... 111 cards, 111 with art
[87/218] 2012bw ... 12 cards, 0 with art
[88/218] bw6 ... 128 cards, 128 with art
[89/218] dv1 ... 21 cards, 21 with art
[90/218] bw7 ... 153 cards, 153 with art
[91/218] bw8 ... 138 cards, 138 with art
[92/218] bw9 ... 122 cards, 122 with art
[93/218] bw10 ... 105 cards, 105 with art
[94/218] xyp ... 216 cards, 213 with art
[95/218] bw11 ... 140 cards, 140 with art
[96/218] rc ... 0 cards, 0 with art
[97/218] xy0 ... 39 cards, 39 with art
[98/218] xy1 ... 146 cards, 146 with art
[99/218] xya ... 6 cards, 0 with art
[100/218] tk-xy-n ... 30 cards, 0 with art
[101/218] tk-xy-sy ... 30 cards, 0 with art
[102/218] xy2 ... 110 cards, 110 with art
[103/218] 2014xy ... 12 cards, 0 with art
[104/218] xy3 ... 114 cards, 114 with art
[105/218] tk-xy-b ... 30 cards, 0 with art
[106/218] tk-xy-w ... 30 cards, 0 with art
[107/218] xy4 ... 124 cards, 124 with art
[108/218] xy5 ... 164 cards, 164 with art
[109/218] dc1 ... 34 cards, 34 with art
[110/218] tk-xy-latia ... 30 cards, 0 with art
[111/218] tk-xy-latio ... 30 cards, 0 with art
[112/218] xy6 ... 112 cards, 112 with art
[113/218] xy7 ... 101 cards, 101 with art
[114/218] xy8 ... 165 cards, 164 with art
[115/218] 2015xy ... 12 cards, 0 with art
[116/218] xy9 ... 126 cards, 126 with art
[117/218] g1 ... 117 cards, 117 with art
[118/218] tk-xy-p ... 30 cards, 0 with art
[119/218] tk-xy-su ... 30 cards, 0 with art
[120/218] xy10 ... 129 cards, 129 with art
[121/218] xy11 ... 116 cards, 116 with art
[122/218] 2016xy ... 12 cards, 0 with art
[123/218] xy12 ... 113 cards, 113 with art
[124/218] smp ... 248 cards, 181 with art
[125/218] sm1 ... 172 cards, 172 with art
[126/218] tk-sm-r ... 30 cards, 0 with art
[127/218] tk-sm-l ... 18 cards, 0 with art
[128/218] sm2 ... 169 cards, 168 with art
[129/218] 2017sm ... 12 cards, 0 with art
[130/218] sm3 ... 169 cards, 169 with art
[131/218] sm3.5 ... 78 cards, 0 with art
[132/218] sm4 ... 125 cards, 125 with art
[133/218] sm5 ... 